// Jest Snapshot v1, https://goo.gl/fbAQLP

exports[`should render ExpenseList with empty message 1`] = `
<div
  className="content-container"
>
  <div
    className="list-header"
  >
    <div
      className="show-for-mobile"
    >
      Expenses
    </div>
    <div
      className="show-for-desktop"
    >
      Expense
    </div>
    <div
      className="show-for-desktop"
    >
      Amount
    </div>
  </div>
  <div
    className="list-body"
  >
    <ExpenseListItem
      amount={1000}
      createdAt={15}
      description="Beer"
      id="13471"
      key="13471"
      note="Modelo"
    />
    <ExpenseListItem
      amount={150}
      createdAt={1}
      description="Chocolate"
      id="13472"
      key="13472"
      note="Twix"
    />
  </div>
</div>
`;

exports[`should render ExpenseList with expenses 1`] = `
<div
  className="content-container"
>
  <div
    className="list-header"
  >
    <div
      className="show-for-mobile"
    >
      Expenses
    </div>
    <div
      className="show-for-desktop"
    >
      Expense
    </div>
    <div
      className="show-for-desktop"
    >
      Amount
    </div>
  </div>
  <div
    className="list-body"
  >
    <ExpenseListItem
      amount={1000}
      createdAt={15}
      description="Beer"
      id="13471"
      key="13471"
      note="Modelo"
    />
    <ExpenseListItem
      amount={150}
      createdAt={1}
      description="Chocolate"
      id="13472"
      key="13472"
      note="Twix"
    />
  </div>
</div>
`;
