// Jest Snapshot v1, https://goo.gl/fbAQLP

exports[`should render ExpenseListItem with provided information 1`] = `
<Link
  className="list-item"
  replace={false}
  to="/edit/2352345"
>
  <div>
    <h3
      className="list-item__title"
    >
      Orange soda
    </h3>
    <span
      className="list-item__subtitle"
    >
      May 23rd 1970
    </span>
  </div>
  <div>
    <h3
      className="list-item__data"
    >
      $3.00
    </h3>
  </div>
</Link>
`;
